[preview.cruip.com/mosaic/index.html]
[backblue.gif]
[fade.gif]
[index.html]
[preview.cruip.com/mosaic/css/vendors/flatpickr.min.css]
[preview.cruip.com/mosaic/style.css]
[plausible.cruip.com/js/script.js]
[preview.cruip.com/mosaic/index-2.html]
[preview.cruip.com/mosaic/analytics.html]
[preview.cruip.com/mosaic/fintech.html]
[preview.cruip.com/mosaic/customers.html]
[preview.cruip.com/mosaic/orders.html]
[preview.cruip.com/mosaic/invoices.html]
[preview.cruip.com/mosaic/shop.html]
[preview.cruip.com/mosaic/shop-2.html]
[preview.cruip.com/mosaic/product.html]
[preview.cruip.com/mosaic/cart.html]
[preview.cruip.com/mosaic/cart-2.html]
[preview.cruip.com/mosaic/cart-3.html]
[preview.cruip.com/mosaic/pay.html]
[preview.cruip.com/mosaic/users-tabs.html]
[preview.cruip.com/mosaic/users-tiles.html]
[preview.cruip.com/mosaic/profile.html]
[preview.cruip.com/mosaic/feed.html]
[preview.cruip.com/mosaic/forum.html]
[preview.cruip.com/mosaic/forum-post.html]
[preview.cruip.com/mosaic/meetups.html]
[preview.cruip.com/mosaic/meetups-post.html]
[preview.cruip.com/mosaic/credit-cards.html]
[preview.cruip.com/mosaic/transactions.html]
[preview.cruip.com/mosaic/transaction-details.html]
[preview.cruip.com/mosaic/job-listing.html]
[preview.cruip.com/mosaic/job-post.html]
[preview.cruip.com/mosaic/company-profile.html]
[preview.cruip.com/mosaic/tasks-kanban.html]
[preview.cruip.com/mosaic/tasks-list.html]
[preview.cruip.com/mosaic/messages.html]
[preview.cruip.com/mosaic/inbox.html]
[preview.cruip.com/mosaic/calendar.html]
[preview.cruip.com/mosaic/campaigns.html]
[preview.cruip.com/mosaic/settings.html]
[preview.cruip.com/mosaic/notifications.html]
[preview.cruip.com/mosaic/connected-apps.html]
[preview.cruip.com/mosaic/plans.html]
[preview.cruip.com/mosaic/billing.html]
[preview.cruip.com/mosaic/feedback.html]
[preview.cruip.com/mosaic/changelog.html]
[preview.cruip.com/mosaic/roadmap.html]
[preview.cruip.com/mosaic/faqs.html]
[preview.cruip.com/mosaic/empty-state.html]
[preview.cruip.com/mosaic/404.html]
[preview.cruip.com/mosaic/signin.html]
[preview.cruip.com/mosaic/signup.html]
[preview.cruip.com/mosaic/reset-password.html]
[preview.cruip.com/mosaic/onboarding-01.html]
[preview.cruip.com/mosaic/onboarding-02.html]
[preview.cruip.com/mosaic/onboarding-03.html]
[preview.cruip.com/mosaic/onboarding-04.html]
[preview.cruip.com/mosaic/component-button.html]
[preview.cruip.com/mosaic/component-form.html]
[preview.cruip.com/mosaic/component-dropdown.html]
[preview.cruip.com/mosaic/component-alert.html]
[preview.cruip.com/mosaic/component-modal.html]
[preview.cruip.com/mosaic/component-pagination.html]
[preview.cruip.com/mosaic/component-tabs.html]
[preview.cruip.com/mosaic/component-breadcrumb.html]
[preview.cruip.com/mosaic/component-badge.html]
[preview.cruip.com/mosaic/component-avatar.html]
[preview.cruip.com/mosaic/component-tooltip.html]
[preview.cruip.com/mosaic/component-accordion.html]
[preview.cruip.com/mosaic/component-icons.html]
[preview.cruip.com/mosaic/images/user-avatar-32.png]
[preview.cruip.com/mosaic/js/vendors/alpinejs.min.js]
[preview.cruip.com/mosaic/js/main.js]
[preview.cruip.com/mosaic/js/vendors/chart.js]
[preview.cruip.com/mosaic/js/vendors/moment.js]
[preview.cruip.com/mosaic/js/vendors/chartjs-adapter-moment.js]
[preview.cruip.com/mosaic/js/dashboard-charts.js]
[preview.cruip.com/mosaic/js/vendors/flatpickr.js]
[preview.cruip.com/mosaic/index.html]
[preview.cruip.com/mosaic/css/vendors/flatpickr.min.css]
[preview.cruip.com/mosaic/style.css]
[preview.cruip.com/mosaic/index-2.html]
[preview.cruip.com/mosaic/js/flatpickr-init.js]
[preview.cruip.com/mosaic/images/user-28-01.jpg]
[preview.cruip.com/mosaic/images/user-28-02.jpg]
[preview.cruip.com/mosaic/images/user-28-03.jpg]
[preview.cruip.com/mosaic/images/user-28-07.jpg]
[preview.cruip.com/mosaic/images/user-28-04.jpg]
[preview.cruip.com/mosaic/images/user-28-11.jpg]
[preview.cruip.com/mosaic/images/user-28-05.jpg]
[preview.cruip.com/mosaic/images/user-28-06.jpg]
[preview.cruip.com/mosaic/images/user-28-09.jpg]
[preview.cruip.com/mosaic/analytics.html]
[preview.cruip.com/mosaic/js/analytics-charts.js]
[preview.cruip.com/mosaic/images/user-64-14.jpg]
[preview.cruip.com/mosaic/images/company-icon-06.svg]
[preview.cruip.com/mosaic/images/company-icon-02.svg]
[preview.cruip.com/mosaic/images/company-icon-03.svg]
[preview.cruip.com/mosaic/images/user-36-05.jpg]
[preview.cruip.com/mosaic/fintech.html]
[preview.cruip.com/mosaic/js/fintech-charts.js]
[preview.cruip.com/mosaic/images/user-40-01.jpg]
[preview.cruip.com/mosaic/images/user-40-02.jpg]
[preview.cruip.com/mosaic/images/user-40-03.jpg]
[preview.cruip.com/mosaic/images/user-40-04.jpg]
[preview.cruip.com/mosaic/images/user-40-05.jpg]
[preview.cruip.com/mosaic/images/user-40-06.jpg]
[preview.cruip.com/mosaic/images/user-40-07.jpg]
[preview.cruip.com/mosaic/images/user-40-08.jpg]
[preview.cruip.com/mosaic/images/user-40-09.jpg]
[preview.cruip.com/mosaic/images/user-40-10.jpg]
[preview.cruip.com/mosaic/customers.html]
[preview.cruip.com/cdn-cgi/scripts/5c5dd728/cloudflare-static/email-decode.min.js]
[preview.cruip.com/mosaic/images/icon-01.svg]
[preview.cruip.com/mosaic/images/icon-02.svg]
[preview.cruip.com/mosaic/orders.html]
[preview.cruip.com/mosaic/invoices.html]
[preview.cruip.com/mosaic/images/icon-03.svg]
[preview.cruip.com/mosaic/images/applications-image-01.jpg]
[preview.cruip.com/mosaic/images/applications-image-02.jpg]
[preview.cruip.com/mosaic/images/applications-image-03.jpg]
[preview.cruip.com/mosaic/images/applications-image-04.jpg]
[preview.cruip.com/mosaic/images/applications-image-05.jpg]
[preview.cruip.com/mosaic/images/applications-image-06.jpg]
[preview.cruip.com/mosaic/images/applications-image-07.jpg]
[preview.cruip.com/mosaic/images/applications-image-08.jpg]
[preview.cruip.com/mosaic/images/applications-image-09.jpg]
[preview.cruip.com/mosaic/images/applications-image-10.jpg]
[preview.cruip.com/mosaic/images/applications-image-11.jpg]
[preview.cruip.com/mosaic/images/applications-image-12.jpg]
[preview.cruip.com/mosaic/images/applications-image-13.jpg]
[preview.cruip.com/mosaic/images/applications-image-14.jpg]
[preview.cruip.com/mosaic/images/applications-image-15.jpg]
[preview.cruip.com/mosaic/images/applications-image-16.jpg]
[preview.cruip.com/mosaic/images/shop-category-01.png]
[preview.cruip.com/mosaic/images/shop-category-02.png]
[preview.cruip.com/mosaic/images/shop-category-03.png]
[preview.cruip.com/mosaic/images/shop-category-04.png]
[preview.cruip.com/mosaic/images/applications-image-17.jpg]
[preview.cruip.com/mosaic/images/applications-image-18.jpg]
[preview.cruip.com/mosaic/images/applications-image-19.jpg]
[preview.cruip.com/mosaic/images/applications-image-20.jpg]
[preview.cruip.com/mosaic/shop.html]
[preview.cruip.com/mosaic/images/applications-image-21.jpg]
[preview.cruip.com/mosaic/images/applications-image-22.jpg]
[preview.cruip.com/mosaic/images/applications-image-23.jpg]
[preview.cruip.com/mosaic/images/applications-image-24.jpg]
[preview.cruip.com/mosaic/images/applications-image-25.jpg]
[preview.cruip.com/mosaic/images/applications-image-26.jpg]
[preview.cruip.com/mosaic/images/applications-image-27.jpg]
[preview.cruip.com/mosaic/images/applications-image-28.jpg]
[preview.cruip.com/mosaic/images/applications-image-29.jpg]
[preview.cruip.com/mosaic/images/applications-image-30.jpg]
[preview.cruip.com/mosaic/images/applications-image-31.jpg]
[preview.cruip.com/mosaic/images/applications-image-32.jpg]
[preview.cruip.com/mosaic/shop-2.html]
[preview.cruip.com/mosaic/images/user-32-07.jpg]
[preview.cruip.com/mosaic/images/product-image.jpg]
[preview.cruip.com/mosaic/images/user-32-05.jpg]
[preview.cruip.com/mosaic/images/user-32-03.jpg]
[preview.cruip.com/mosaic/images/user-32-04.jpg]
[preview.cruip.com/mosaic/images/related-product-01.jpg]
[preview.cruip.com/mosaic/images/related-product-02.jpg]
[preview.cruip.com/mosaic/images/related-product-03.jpg]
[preview.cruip.com/mosaic/product.html]
[preview.cruip.com/mosaic/cart.html]
[preview.cruip.com/mosaic/cart-2.html]
[preview.cruip.com/mosaic/cart-3.html]
[preview.cruip.com/mosaic/images/pay-bg.jpg]
[preview.cruip.com/mosaic/images/user-64-13.jpg]
[preview.cruip.com/mosaic/pay.html]
[preview.cruip.com/mosaic/images/user-64-01.jpg]
[preview.cruip.com/mosaic/images/user-64-02.jpg]
[preview.cruip.com/mosaic/images/user-64-03.jpg]
[preview.cruip.com/mosaic/images/user-64-04.jpg]
[preview.cruip.com/mosaic/images/user-64-05.jpg]
[preview.cruip.com/mosaic/images/user-64-06.jpg]
[preview.cruip.com/mosaic/images/user-64-07.jpg]
[preview.cruip.com/mosaic/images/user-64-08.jpg]
[preview.cruip.com/mosaic/images/user-64-09.jpg]
[preview.cruip.com/mosaic/images/user-64-10.jpg]
[preview.cruip.com/mosaic/images/user-64-11.jpg]
[preview.cruip.com/mosaic/images/user-64-12.jpg]
[preview.cruip.com/mosaic/users-tabs.html]
[preview.cruip.com/mosaic/users-tiles.html]
[preview.cruip.com/mosaic/images/user-32-08.jpg]
[preview.cruip.com/mosaic/images/user-32-06.jpg]
[preview.cruip.com/mosaic/images/user-32-02.jpg]
[preview.cruip.com/mosaic/images/user-32-01.jpg]
[preview.cruip.com/mosaic/images/profile-bg.jpg]
[preview.cruip.com/mosaic/images/user-128-01.jpg]
[preview.cruip.com/mosaic/images/avatar-02.jpg]
[preview.cruip.com/mosaic/images/avatar-03.jpg]
[preview.cruip.com/mosaic/images/avatar-04.jpg]
[preview.cruip.com/mosaic/images/avatar-05.jpg]
[preview.cruip.com/mosaic/images/avatar-06.jpg]
[preview.cruip.com/mosaic/images/avatar-01.jpg]
[preview.cruip.com/mosaic/profile.html]
[preview.cruip.com/mosaic/images/feed-image-01.jpg]
[preview.cruip.com/mosaic/images/feed-image-02.jpg]
[preview.cruip.com/mosaic/images/group-avatar-01.png]
[preview.cruip.com/mosaic/images/group-avatar-02.png]
[preview.cruip.com/mosaic/images/group-avatar-03.png]
[preview.cruip.com/mosaic/images/group-avatar-04.png]
[preview.cruip.com/mosaic/feed.html]
[preview.cruip.com/mosaic/forum.html]
[preview.cruip.com/mosaic/images/user-28-10.jpg]
[preview.cruip.com/mosaic/forum-post.html]
[preview.cruip.com/mosaic/images/meetups-thumb-01.jpg]
[preview.cruip.com/mosaic/images/meetups-thumb-02.jpg]
[preview.cruip.com/mosaic/images/meetups-thumb-03.jpg]
[preview.cruip.com/mosaic/images/meetups-thumb-04.jpg]
[preview.cruip.com/mosaic/images/meetups-thumb-05.jpg]
[preview.cruip.com/mosaic/images/meetups-thumb-06.jpg]
[preview.cruip.com/mosaic/images/meetups-thumb-07.jpg]
[preview.cruip.com/mosaic/images/meetups-thumb-08.jpg]
[preview.cruip.com/mosaic/meetups.html]
[preview.cruip.com/mosaic/images/meetup-image.jpg]
[preview.cruip.com/mosaic/images/meetup-photo-01.jpg]
[preview.cruip.com/mosaic/images/meetup-photo-02.jpg]
[preview.cruip.com/mosaic/images/meetup-photo-03.jpg]
[preview.cruip.com/mosaic/meetups-post.html]
[preview.cruip.com/mosaic/credit-cards.html]
[preview.cruip.com/mosaic/images/transactions-image-01.svg]
[preview.cruip.com/mosaic/images/transactions-image-02.svg]
[preview.cruip.com/mosaic/images/transactions-image-03.svg]
[preview.cruip.com/mosaic/images/transactions-image-04.svg]
[preview.cruip.com/mosaic/images/transactions-image-05.svg]
[preview.cruip.com/mosaic/images/transactions-image-06.svg]
[preview.cruip.com/mosaic/images/transactions-image-07.svg]
[preview.cruip.com/mosaic/transactions.html]
[preview.cruip.com/mosaic/transaction-details.html]
[preview.cruip.com/mosaic/images/transactions-image-08.svg]
[preview.cruip.com/mosaic/images/company-icon-05.svg]
[preview.cruip.com/mosaic/images/company-icon-07.svg]
[preview.cruip.com/mosaic/images/company-icon-08.svg]
[preview.cruip.com/mosaic/job-listing.html]
[preview.cruip.com/mosaic/job-post.html]
[preview.cruip.com/mosaic/images/company-icon-01.svg]
[preview.cruip.com/mosaic/images/company-bg.jpg]
[preview.cruip.com/mosaic/company-profile.html]
[preview.cruip.com/mosaic/images/task-image-01.jpg]
[preview.cruip.com/mosaic/images/user-28-12.jpg]
[preview.cruip.com/mosaic/images/user-28-08.jpg]
[preview.cruip.com/mosaic/images/task-image-02.jpg]
[preview.cruip.com/mosaic/tasks-kanban.html]
[preview.cruip.com/mosaic/tasks-list.html]
[preview.cruip.com/mosaic/images/channel-01.png]
[preview.cruip.com/mosaic/images/channel-02.png]
[preview.cruip.com/mosaic/images/channel-03.png]
[preview.cruip.com/mosaic/images/user-40-11.jpg]
[preview.cruip.com/mosaic/images/user-40-12.jpg]
[preview.cruip.com/mosaic/images/chat-image.jpg]
[preview.cruip.com/mosaic/messages.html]
[preview.cruip.com/mosaic/images/user-avatar-80.png]
[preview.cruip.com/mosaic/images/inbox-image.jpg]
[preview.cruip.com/mosaic/inbox.html]
[preview.cruip.com/mosaic/calendar.html]
[preview.cruip.com/mosaic/campaigns.html]
[preview.cruip.com/mosaic/settings.html]
[preview.cruip.com/mosaic/notifications.html]
[preview.cruip.com/mosaic/connected-apps.html]
[preview.cruip.com/mosaic/plans.html]
[preview.cruip.com/mosaic/billing.html]
[preview.cruip.com/mosaic/feedback.html]
[preview.cruip.com/mosaic/changelog.html]
[preview.cruip.com/mosaic/roadmap.html]
[preview.cruip.com/mosaic/faqs.html]
[preview.cruip.com/mosaic/empty-state.html]
[preview.cruip.com/mosaic/images/404-illustration.svg]
[preview.cruip.com/mosaic/404.html]
[preview.cruip.com/mosaic/images/404-illustration-dark.svg]
[preview.cruip.com/mosaic/images/auth-image.jpg]
[preview.cruip.com/mosaic/signin.html]
[preview.cruip.com/mosaic/signup.html]
[preview.cruip.com/mosaic/reset-password.html]
[preview.cruip.com/mosaic/images/onboarding-image.jpg]
[preview.cruip.com/mosaic/onboarding-01.html]
[preview.cruip.com/mosaic/onboarding-02.html]
[preview.cruip.com/mosaic/onboarding-03.html]
[preview.cruip.com/mosaic/onboarding-04.html]
[preview.cruip.com/mosaic/component-button.html]
[preview.cruip.com/mosaic/component-form.html]
[preview.cruip.com/mosaic/component-dropdown.html]
[preview.cruip.com/mosaic/component-alert.html]
[preview.cruip.com/mosaic/images/announcement-icon.svg]
[preview.cruip.com/mosaic/images/modal-image.jpg]
[preview.cruip.com/mosaic/component-modal.html]
[preview.cruip.com/mosaic/component-pagination.html]
[preview.cruip.com/mosaic/component-tabs.html]
[preview.cruip.com/mosaic/component-breadcrumb.html]
[preview.cruip.com/mosaic/component-badge.html]
[preview.cruip.com/mosaic/component-avatar.html]
[preview.cruip.com/mosaic/component-tooltip.html]
[preview.cruip.com/mosaic/component-accordion.html]
[preview.cruip.com/mosaic/component-icons.html]
[preview.cruip.com/mosaic/images/company-icon-06.svg]
[preview.cruip.com/mosaic/images/company-icon-02.svg]
[preview.cruip.com/mosaic/images/company-icon-03.svg]
[preview.cruip.com/mosaic/images/icon-01.svg]
[preview.cruip.com/mosaic/images/icon-02.svg]
[preview.cruip.com/mosaic/images/icon-03.svg]
[preview.cruip.com/mosaic/images/transactions-image-01.svg]
[preview.cruip.com/mosaic/images/transactions-image-02.svg]
[preview.cruip.com/mosaic/images/transactions-image-03.svg]
[preview.cruip.com/mosaic/images/transactions-image-04.svg]
[preview.cruip.com/mosaic/images/transactions-image-05.svg]
[preview.cruip.com/mosaic/images/transactions-image-06.svg]
[preview.cruip.com/mosaic/images/transactions-image-07.svg]
[preview.cruip.com/mosaic/images/transactions-image-08.svg]
[preview.cruip.com/mosaic/images/company-icon-05.svg]
[preview.cruip.com/mosaic/images/company-icon-07.svg]
[preview.cruip.com/mosaic/images/company-icon-08.svg]
[preview.cruip.com/mosaic/images/company-icon-01.svg]
[preview.cruip.com/mosaic/images/404-illustration.svg]
[preview.cruip.com/mosaic/images/404-illustration-dark.svg]
[preview.cruip.com/mosaic/images/announcement-icon.svg]
